Watching for file changes with StatReloader
Watching for file changes with StatReloader
Watching for file changes with StatReloader
Watching for file changes with StatReloader
Watching for file changes with StatReloader
Watching for file changes with StatReloader
Watching for file changes with StatReloader
Watching for file changes with StatReloader
Watching for file changes with StatReloader
C:\Users\Ethan K\OneDrive\Desktop\School\Attacho\project\backend\apps\authentication\admin.py changed, reloading.
Watching for file changes with StatReloader
Watching for file changes with StatReloader
Watching for file changes with StatReloader
Watching for file changes with StatReloader
Watching for file changes with StatReloader
C:\Users\Ethan K\OneDrive\Desktop\School\Attacho\project\backend\apps\authentication\admin.py changed, reloading.
Watching for file changes with StatReloader
C:\Users\Ethan K\OneDrive\Desktop\School\Attacho\project\backend\apps\authentication\admin.py changed, reloading.
Watching for file changes with StatReloader
C:\Users\Ethan K\OneDrive\Desktop\School\Attacho\project\backend\apps\authentication\admin.py changed, reloading.
Watching for file changes with StatReloader
C:\Users\Ethan K\OneDrive\Desktop\School\Attacho\project\backend\apps\authentication\admin.py changed, reloading.
Watching for file changes with StatReloader
C:\Users\Ethan K\OneDrive\Desktop\School\Attacho\project\backend\apps\authentication\admin.py changed, reloading.
Watching for file changes with StatReloader
C:\Users\Ethan K\OneDrive\Desktop\School\Attacho\project\backend\apps\authentication\admin.py changed, reloading.
Watching for file changes with StatReloader
C:\Users\Ethan K\OneDrive\Desktop\School\Attacho\project\backend\apps\authentication\admin.py changed, reloading.
Watching for file changes with StatReloader
C:\Users\Ethan K\OneDrive\Desktop\School\Attacho\project\backend\apps\authentication\admin.py changed, reloading.
Watching for file changes with StatReloader
C:\Users\Ethan K\OneDrive\Desktop\School\Attacho\project\backend\apps\authentication\admin.py changed, reloading.
Watching for file changes with StatReloader
Watching for file changes with StatReloader
C:\Users\Ethan K\OneDrive\Desktop\School\Attacho\project\backend\apps\authentication\admin.py changed, reloading.
Watching for file changes with StatReloader
C:\Users\Ethan K\OneDrive\Desktop\School\Attacho\project\backend\cultura_ai\settings.py changed, reloading.
Watching for file changes with StatReloader
C:\Users\Ethan K\OneDrive\Desktop\School\Attacho\project\backend\cultura_ai\settings.py changed, reloading.
Watching for file changes with StatReloader
Not Found: /
"GET / HTTP/1.1" 404 2530
Not Found: /favicon.ico
"GET /favicon.ico HTTP/1.1" 404 2581
"GET /admin HTTP/1.1" 301 0
"GET /admin/ HTTP/1.1" 302 0
"GET /admin/login/?next=/admin/ HTTP/1.1" 200 4184
"GET /static/admin/css/dark_mode.css HTTP/1.1" 200 2929
"GET /static/admin/css/responsive.css HTTP/1.1" 200 18533
"GET /static/admin/css/base.css HTTP/1.1" 200 21207
"GET /static/admin/css/nav_sidebar.css HTTP/1.1" 200 2694
"GET /static/admin/css/login.css HTTP/1.1" 200 958
"GET /static/admin/js/theme.js HTTP/1.1" 200 1943
"GET /static/admin/js/nav_sidebar.js HTTP/1.1" 200 3063
Watching for file changes with StatReloader
"GET /admin/login/?next=/admin/ HTTP/1.1" 200 4184
"POST /admin/login/?next=/admin/ HTTP/1.1" 302 0
"GET /admin/ HTTP/1.1" 200 21746
"GET /static/admin/css/dashboard.css HTTP/1.1" 200 441
"GET /static/admin/img/icon-addlink.svg HTTP/1.1" 200 331
"GET /static/admin/img/icon-changelink.svg HTTP/1.1" 200 380
Not Found: /
"GET / HTTP/1.1" 404 2530
"GET /api/v1 HTTP/1.1" 301 0
Unauthorized: /api/v1/
"GET /api/v1/ HTTP/1.1" 401 58
Not Found: /favicon.ico
"GET /favicon.ico HTTP/1.1" 404 2581
Watching for file changes with StatReloader
Not Found: /
"GET / HTTP/1.1" 404 2530
Not Found: /
"GET / HTTP/1.1" 404 2530
Watching for file changes with StatReloader
Not Found: /
"GET / HTTP/1.1" 404 2530
Not Found: /favicon.ico
- Broken pipe from ('127.0.0.1', 52722)
Not Found: /games
"GET /games HTTP/1.1" 404 2563
Not Found: /favicon.ico
- Broken pipe from ('127.0.0.1', 52924)
"GET /admin/ HTTP/1.1" 200 21746
- Broken pipe from ('127.0.0.1', 52965)
- Broken pipe from ('127.0.0.1', 52966)
- Broken pipe from ('127.0.0.1', 52970)
- Broken pipe from ('127.0.0.1', 52968)
- Broken pipe from ('127.0.0.1', 52969)
- Broken pipe from ('127.0.0.1', 52967)
Not Found: /
"GET / HTTP/1.1" 404 2530
Not Found: /favicon.ico
- Broken pipe from ('127.0.0.1', 53250)
"GET /admin/ HTTP/1.1" 200 21746
Not Found: /favicon.ico
- Broken pipe from ('127.0.0.1', 53260)
Watching for file changes with StatReloader
Watching for file changes with StatReloader
Not Found: /
"GET / HTTP/1.1" 404 2530
Not Found: /favicon.ico
- Broken pipe from ('127.0.0.1', 55849)
"GET /admin/ HTTP/1.1" 200 21746
"GET /static/admin/css/base.css HTTP/1.1" 304 0
"GET /static/admin/css/dark_mode.css HTTP/1.1" 304 0
"GET /static/admin/css/responsive.css HTTP/1.1" 304 0
"GET /static/admin/css/dashboard.css HTTP/1.1" 304 0
"GET /static/admin/css/nav_sidebar.css HTTP/1.1" 304 0
"GET /static/admin/js/theme.js HTTP/1.1" 304 0
"GET /static/admin/js/nav_sidebar.js HTTP/1.1" 304 0
"GET /static/admin/img/icon-addlink.svg HTTP/1.1" 200 331
"GET /static/admin/img/icon-changelink.svg HTTP/1.1" 200 380
"GET /admin/ HTTP/1.1" 302 0
Not Found: /
"GET / HTTP/1.1" 404 2530
Unauthorized: /api/v1/
"GET /api/v1/ HTTP/1.1" 401 58
Not Found: /favicon.ico
"GET /favicon.ico HTTP/1.1" 404 2581
"GET /api/v1/games HTTP/1.1" 301 0
Internal Server Error: /api/v1/games/
Traceback (most recent call last):
  File "C:\Users\Ethan K\OneDrive\Desktop\School\Attacho\project\proj\Lib\site-packages\django\db\backends\utils.py", line 89, in _execute
    return self.cursor.execute(sql, params)
           ~~~~~~~~~~~~~~~~~~~^^^^^^^^^^^^^
  File "C:\Users\Ethan K\OneDrive\Desktop\School\Attacho\project\proj\Lib\site-packages\django\db\backends\sqlite3\base.py", line 328, in execute
    return super().execute(query, params)
           ~~~~~~~~~~~~~~~^^^^^^^^^^^^^^^
sqlite3.OperationalError: no such table: games

The above exception was the direct cause of the following exception:

Traceback (most recent call last):
  File "C:\Users\Ethan K\OneDrive\Desktop\School\Attacho\project\proj\Lib\site-packages\django\core\handlers\exception.py", line 55, in inner
    response = get_response(request)
  File "C:\Users\Ethan K\OneDrive\Desktop\School\Attacho\project\proj\Lib\site-packages\django\core\handlers\base.py", line 197, in _get_response
    response = wrapped_callback(request, *callback_args, **callback_kwargs)
  File "C:\Users\Ethan K\OneDrive\Desktop\School\Attacho\project\proj\Lib\site-packages\django\views\decorators\csrf.py", line 56, in wrapper_view
    return view_func(*args, **kwargs)
  File "C:\Users\Ethan K\OneDrive\Desktop\School\Attacho\project\proj\Lib\site-packages\django\views\generic\base.py", line 104, in view
    return self.dispatch(request, *args, **kwargs)
           ~~~~~~~~~~~~~^^^^^^^^^^^^^^^^^^^^^^^^^^
  File "C:\Users\Ethan K\OneDrive\Desktop\School\Attacho\project\proj\Lib\site-packages\rest_framework\views.py", line 515, in dispatch
    response = self.handle_exception(exc)
  File "C:\Users\Ethan K\OneDrive\Desktop\School\Attacho\project\proj\Lib\site-packages\rest_framework\views.py", line 475, in handle_exception
    self.raise_uncaught_exception(exc)
    ~~~~~~~~~~~~~~~~~~~~~~~~~~~~~^^^^^
  File "C:\Users\Ethan K\OneDrive\Desktop\School\Attacho\project\proj\Lib\site-packages\rest_framework\views.py", line 486, in raise_uncaught_exception
    raise exc
  File "C:\Users\Ethan K\OneDrive\Desktop\School\Attacho\project\proj\Lib\site-packages\rest_framework\views.py", line 512, in dispatch
    response = handler(request, *args, **kwargs)
  File "C:\Users\Ethan K\OneDrive\Desktop\School\Attacho\project\proj\Lib\site-packages\rest_framework\generics.py", line 203, in get
    return self.list(request, *args, **kwargs)
           ~~~~~~~~~^^^^^^^^^^^^^^^^^^^^^^^^^^
  File "C:\Users\Ethan K\OneDrive\Desktop\School\Attacho\project\proj\Lib\site-packages\rest_framework\mixins.py", line 40, in list
    page = self.paginate_queryset(queryset)
  File "C:\Users\Ethan K\OneDrive\Desktop\School\Attacho\project\proj\Lib\site-packages\rest_framework\generics.py", line 175, in paginate_queryset
    return self.paginator.paginate_queryset(queryset, self.request, view=self)
           ~~~~~~~~~~~~~~~~~~~~~~~~~~~~~~~~^^^^^^^^^^^^^^^^^^^^^^^^^^^^^^^^^^^
  File "C:\Users\Ethan K\OneDrive\Desktop\School\Attacho\project\proj\Lib\site-packages\rest_framework\pagination.py", line 211, in paginate_queryset
    self.page = paginator.page(page_number)
                ~~~~~~~~~~~~~~^^^^^^^^^^^^^
  File "C:\Users\Ethan K\OneDrive\Desktop\School\Attacho\project\proj\Lib\site-packages\django\core\paginator.py", line 72, in page
    number = self.validate_number(number)
  File "C:\Users\Ethan K\OneDrive\Desktop\School\Attacho\project\proj\Lib\site-packages\django\core\paginator.py", line 53, in validate_number
    if number > self.num_pages:
                ^^^^^^^^^^^^^^
  File "C:\Users\Ethan K\OneDrive\Desktop\School\Attacho\project\proj\Lib\site-packages\django\utils\functional.py", line 57, in __get__
    res = instance.__dict__[self.name] = self.func(instance)
                                         ~~~~~~~~~^^^^^^^^^^
  File "C:\Users\Ethan K\OneDrive\Desktop\School\Attacho\project\proj\Lib\site-packages\django\core\paginator.py", line 99, in num_pages
    if self.count == 0 and not self.allow_empty_first_page:
       ^^^^^^^^^^
  File "C:\Users\Ethan K\OneDrive\Desktop\School\Attacho\project\proj\Lib\site-packages\django\utils\functional.py", line 57, in __get__
    res = instance.__dict__[self.name] = self.func(instance)
                                         ~~~~~~~~~^^^^^^^^^^
  File "C:\Users\Ethan K\OneDrive\Desktop\School\Attacho\project\proj\Lib\site-packages\django\core\paginator.py", line 93, in count
    return c()
  File "C:\Users\Ethan K\OneDrive\Desktop\School\Attacho\project\proj\Lib\site-packages\django\db\models\query.py", line 608, in count
    return self.query.get_count(using=self.db)
           ~~~~~~~~~~~~~~~~~~~~^^^^^^^^^^^^^^^
  File "C:\Users\Ethan K\OneDrive\Desktop\School\Attacho\project\proj\Lib\site-packages\django\db\models\sql\query.py", line 568, in get_count
    return obj.get_aggregation(using, {"__count": Count("*")})["__count"]
           ~~~~~~~~~~~~~~~~~~~^^^^^^^^^^^^^^^^^^^^^^^^^^^^^^^^
  File "C:\Users\Ethan K\OneDrive\Desktop\School\Attacho\project\proj\Lib\site-packages\django\db\models\sql\query.py", line 554, in get_aggregation
    result = compiler.execute_sql(SINGLE)
  File "C:\Users\Ethan K\OneDrive\Desktop\School\Attacho\project\proj\Lib\site-packages\django\db\models\sql\compiler.py", line 1562, in execute_sql
    cursor.execute(sql, params)
    ~~~~~~~~~~~~~~^^^^^^^^^^^^^
  File "C:\Users\Ethan K\OneDrive\Desktop\School\Attacho\project\proj\Lib\site-packages\django\db\backends\utils.py", line 102, in execute
    return super().execute(sql, params)
           ~~~~~~~~~~~~~~~^^^^^^^^^^^^^
  File "C:\Users\Ethan K\OneDrive\Desktop\School\Attacho\project\proj\Lib\site-packages\django\db\backends\utils.py", line 67, in execute
    return self._execute_with_wrappers(
           ~~~~~~~~~~~~~~~~~~~~~~~~~~~^
        sql, params, many=False, executor=self._execute
        ^^^^^^^^^^^^^^^^^^^^^^^^^^^^^^^^^^^^^^^^^^^^^^^
    )
    ^
  File "C:\Users\Ethan K\OneDrive\Desktop\School\Attacho\project\proj\Lib\site-packages\django\db\backends\utils.py", line 80, in _execute_with_wrappers
    return executor(sql, params, many, context)
  File "C:\Users\Ethan K\OneDrive\Desktop\School\Attacho\project\proj\Lib\site-packages\django\db\backends\utils.py", line 84, in _execute
    with self.db.wrap_database_errors:
         ^^^^^^^^^^^^^^^^^^^^^^^^^^^^
  File "C:\Users\Ethan K\OneDrive\Desktop\School\Attacho\project\proj\Lib\site-packages\django\db\utils.py", line 91, in __exit__
    raise dj_exc_value.with_traceback(traceback) from exc_value
  File "C:\Users\Ethan K\OneDrive\Desktop\School\Attacho\project\proj\Lib\site-packages\django\db\backends\utils.py", line 89, in _execute
    return self.cursor.execute(sql, params)
           ~~~~~~~~~~~~~~~~~~~^^^^^^^^^^^^^
  File "C:\Users\Ethan K\OneDrive\Desktop\School\Attacho\project\proj\Lib\site-packages\django\db\backends\sqlite3\base.py", line 328, in execute
    return super().execute(query, params)
           ~~~~~~~~~~~~~~~^^^^^^^^^^^^^^^
django.db.utils.OperationalError: no such table: games
"GET /api/v1/games/ HTTP/1.1" 500 204171
"GET /api/v1 HTTP/1.1" 301 0
Unauthorized: /api/v1/
"GET /api/v1/ HTTP/1.1" 401 58
Not Found: /favicon.ico
"GET /favicon.ico HTTP/1.1" 404 2581
Watching for file changes with StatReloader
Not Found: /
"GET / HTTP/1.1" 404 2530
Not Found: /
"GET / HTTP/1.1" 404 2530
Not Found: /stories/
"GET /stories/ HTTP/1.1" 404 2572
C:\Users\Ethan K\OneDrive\Desktop\CulturaAI\backend\apps\stories\urls.py changed, reloading.
Watching for file changes with StatReloader
Watching for file changes with StatReloader
C:\Users\Ethan K\OneDrive\Desktop\CulturaAI\backend\apps\stories\urls.py changed, reloading.
Watching for file changes with StatReloader
Not Found: /api/stories
"GET /api/stories HTTP/1.1" 404 2581
Not Found: /stories
"GET /stories HTTP/1.1" 404 2569
C:\Users\Ethan K\OneDrive\Desktop\CulturaAI\backend\cultura_ai\urls.py changed, reloading.
Watching for file changes with StatReloader
"GET /stories HTTP/1.1" 301 0
"GET /stories/ HTTP/1.1" 200 52
Not Found: /favicon.ico
"GET /favicon.ico HTTP/1.1" 404 2689
Not Found: /api/v1stories/
"GET /api/v1stories/ HTTP/1.1" 404 2698
C:\Users\Ethan K\OneDrive\Desktop\CulturaAI\backend\apps\stories\urls.py changed, reloading.
Watching for file changes with StatReloader
Not Found: /favicon.ico
"GET /favicon.ico HTTP/1.1" 404 2689
"GET /stories/ HTTP/1.1" 200 52
Not Found: /favicon.ico
"GET /favicon.ico HTTP/1.1" 404 2689
Not Found: /favicon.ico
"GET /favicon.ico HTTP/1.1" 404 2689
Not Found: /games/
"GET /games/ HTTP/1.1" 404 2674
C:\Users\Ethan K\OneDrive\Desktop\CulturaAI\backend\cultura_ai\urls.py changed, reloading.
Watching for file changes with StatReloader
Not Found: /favicon.ico
"GET /favicon.ico HTTP/1.1" 404 2581
Not Found: /stories/
"GET /stories/ HTTP/1.1" 404 2572
Not Found: /favicon.ico
- Broken pipe from ('127.0.0.1', 59776)
Not Found: /stories/
"GET /stories/ HTTP/1.1" 404 2572
Not Found: /api/stories
"GET /api/stories HTTP/1.1" 404 2581
Not Found: /api//v1stories
"GET /api//v1stories HTTP/1.1" 404 2590
Not Found: /api//v1stories
"GET /api//v1stories HTTP/1.1" 404 2590
Not Found: /api/v1stories
"GET /api/v1stories HTTP/1.1" 404 2587
"GET /api/v1/stories HTTP/1.1" 301 0
"GET /api/v1/stories/ HTTP/1.1" 200 52
Not Found: /favicon.ico
"GET /favicon.ico HTTP/1.1" 404 2581
"GET /api/v1/stories/ HTTP/1.1" 200 52
Not Found: /favicon.ico
"GET /favicon.ico HTTP/1.1" 404 2581
Internal Server Error: /api/v1/games/
Traceback (most recent call last):
  File "C:\Users\Ethan K\OneDrive\Desktop\School\Attacho\project\proj\Lib\site-packages\django\db\backends\utils.py", line 89, in _execute
    return self.cursor.execute(sql, params)
           ~~~~~~~~~~~~~~~~~~~^^^^^^^^^^^^^
  File "C:\Users\Ethan K\OneDrive\Desktop\School\Attacho\project\proj\Lib\site-packages\django\db\backends\sqlite3\base.py", line 328, in execute
    return super().execute(query, params)
           ~~~~~~~~~~~~~~~^^^^^^^^^^^^^^^
sqlite3.OperationalError: no such table: games

The above exception was the direct cause of the following exception:

Traceback (most recent call last):
  File "C:\Users\Ethan K\OneDrive\Desktop\School\Attacho\project\proj\Lib\site-packages\django\core\handlers\exception.py", line 55, in inner
    response = get_response(request)
  File "C:\Users\Ethan K\OneDrive\Desktop\School\Attacho\project\proj\Lib\site-packages\django\core\handlers\base.py", line 197, in _get_response
    response = wrapped_callback(request, *callback_args, **callback_kwargs)
  File "C:\Users\Ethan K\OneDrive\Desktop\School\Attacho\project\proj\Lib\site-packages\django\views\decorators\csrf.py", line 56, in wrapper_view
    return view_func(*args, **kwargs)
  File "C:\Users\Ethan K\OneDrive\Desktop\School\Attacho\project\proj\Lib\site-packages\django\views\generic\base.py", line 104, in view
    return self.dispatch(request, *args, **kwargs)
           ~~~~~~~~~~~~~^^^^^^^^^^^^^^^^^^^^^^^^^^
  File "C:\Users\Ethan K\OneDrive\Desktop\School\Attacho\project\proj\Lib\site-packages\rest_framework\views.py", line 515, in dispatch
    response = self.handle_exception(exc)
  File "C:\Users\Ethan K\OneDrive\Desktop\School\Attacho\project\proj\Lib\site-packages\rest_framework\views.py", line 475, in handle_exception
    self.raise_uncaught_exception(exc)
    ~~~~~~~~~~~~~~~~~~~~~~~~~~~~~^^^^^
  File "C:\Users\Ethan K\OneDrive\Desktop\School\Attacho\project\proj\Lib\site-packages\rest_framework\views.py", line 486, in raise_uncaught_exception
    raise exc
  File "C:\Users\Ethan K\OneDrive\Desktop\School\Attacho\project\proj\Lib\site-packages\rest_framework\views.py", line 512, in dispatch
    response = handler(request, *args, **kwargs)
  File "C:\Users\Ethan K\OneDrive\Desktop\School\Attacho\project\proj\Lib\site-packages\rest_framework\generics.py", line 203, in get
    return self.list(request, *args, **kwargs)
           ~~~~~~~~~^^^^^^^^^^^^^^^^^^^^^^^^^^
  File "C:\Users\Ethan K\OneDrive\Desktop\School\Attacho\project\proj\Lib\site-packages\rest_framework\mixins.py", line 40, in list
    page = self.paginate_queryset(queryset)
  File "C:\Users\Ethan K\OneDrive\Desktop\School\Attacho\project\proj\Lib\site-packages\rest_framework\generics.py", line 175, in paginate_queryset
    return self.paginator.paginate_queryset(queryset, self.request, view=self)
           ~~~~~~~~~~~~~~~~~~~~~~~~~~~~~~~~^^^^^^^^^^^^^^^^^^^^^^^^^^^^^^^^^^^
  File "C:\Users\Ethan K\OneDrive\Desktop\School\Attacho\project\proj\Lib\site-packages\rest_framework\pagination.py", line 211, in paginate_queryset
    self.page = paginator.page(page_number)
                ~~~~~~~~~~~~~~^^^^^^^^^^^^^
  File "C:\Users\Ethan K\OneDrive\Desktop\School\Attacho\project\proj\Lib\site-packages\django\core\paginator.py", line 72, in page
    number = self.validate_number(number)
  File "C:\Users\Ethan K\OneDrive\Desktop\School\Attacho\project\proj\Lib\site-packages\django\core\paginator.py", line 53, in validate_number
    if number > self.num_pages:
                ^^^^^^^^^^^^^^
  File "C:\Users\Ethan K\OneDrive\Desktop\School\Attacho\project\proj\Lib\site-packages\django\utils\functional.py", line 57, in __get__
    res = instance.__dict__[self.name] = self.func(instance)
                                         ~~~~~~~~~^^^^^^^^^^
  File "C:\Users\Ethan K\OneDrive\Desktop\School\Attacho\project\proj\Lib\site-packages\django\core\paginator.py", line 99, in num_pages
    if self.count == 0 and not self.allow_empty_first_page:
       ^^^^^^^^^^
  File "C:\Users\Ethan K\OneDrive\Desktop\School\Attacho\project\proj\Lib\site-packages\django\utils\functional.py", line 57, in __get__
    res = instance.__dict__[self.name] = self.func(instance)
                                         ~~~~~~~~~^^^^^^^^^^
  File "C:\Users\Ethan K\OneDrive\Desktop\School\Attacho\project\proj\Lib\site-packages\django\core\paginator.py", line 93, in count
    return c()
  File "C:\Users\Ethan K\OneDrive\Desktop\School\Attacho\project\proj\Lib\site-packages\django\db\models\query.py", line 608, in count
    return self.query.get_count(using=self.db)
           ~~~~~~~~~~~~~~~~~~~~^^^^^^^^^^^^^^^
  File "C:\Users\Ethan K\OneDrive\Desktop\School\Attacho\project\proj\Lib\site-packages\django\db\models\sql\query.py", line 568, in get_count
    return obj.get_aggregation(using, {"__count": Count("*")})["__count"]
           ~~~~~~~~~~~~~~~~~~~^^^^^^^^^^^^^^^^^^^^^^^^^^^^^^^^
  File "C:\Users\Ethan K\OneDrive\Desktop\School\Attacho\project\proj\Lib\site-packages\django\db\models\sql\query.py", line 554, in get_aggregation
    result = compiler.execute_sql(SINGLE)
  File "C:\Users\Ethan K\OneDrive\Desktop\School\Attacho\project\proj\Lib\site-packages\django\db\models\sql\compiler.py", line 1562, in execute_sql
    cursor.execute(sql, params)
    ~~~~~~~~~~~~~~^^^^^^^^^^^^^
  File "C:\Users\Ethan K\OneDrive\Desktop\School\Attacho\project\proj\Lib\site-packages\django\db\backends\utils.py", line 102, in execute
    return super().execute(sql, params)
           ~~~~~~~~~~~~~~~^^^^^^^^^^^^^
  File "C:\Users\Ethan K\OneDrive\Desktop\School\Attacho\project\proj\Lib\site-packages\django\db\backends\utils.py", line 67, in execute
    return self._execute_with_wrappers(
           ~~~~~~~~~~~~~~~~~~~~~~~~~~~^
        sql, params, many=False, executor=self._execute
        ^^^^^^^^^^^^^^^^^^^^^^^^^^^^^^^^^^^^^^^^^^^^^^^
    )
    ^
  File "C:\Users\Ethan K\OneDrive\Desktop\School\Attacho\project\proj\Lib\site-packages\django\db\backends\utils.py", line 80, in _execute_with_wrappers
    return executor(sql, params, many, context)
  File "C:\Users\Ethan K\OneDrive\Desktop\School\Attacho\project\proj\Lib\site-packages\django\db\backends\utils.py", line 84, in _execute
    with self.db.wrap_database_errors:
         ^^^^^^^^^^^^^^^^^^^^^^^^^^^^
  File "C:\Users\Ethan K\OneDrive\Desktop\School\Attacho\project\proj\Lib\site-packages\django\db\utils.py", line 91, in __exit__
    raise dj_exc_value.with_traceback(traceback) from exc_value
  File "C:\Users\Ethan K\OneDrive\Desktop\School\Attacho\project\proj\Lib\site-packages\django\db\backends\utils.py", line 89, in _execute
    return self.cursor.execute(sql, params)
           ~~~~~~~~~~~~~~~~~~~^^^^^^^^^^^^^
  File "C:\Users\Ethan K\OneDrive\Desktop\School\Attacho\project\proj\Lib\site-packages\django\db\backends\sqlite3\base.py", line 328, in execute
    return super().execute(query, params)
           ~~~~~~~~~~~~~~~^^^^^^^^^^^^^^^
django.db.utils.OperationalError: no such table: games
"GET /api/v1/games/ HTTP/1.1" 500 204171
C:\Users\Ethan K\OneDrive\Desktop\CulturaAI\backend\cultura_ai\urls.py changed, reloading.
Watching for file changes with StatReloader
Not Found: /favicon.ico
"GET /favicon.ico HTTP/1.1" 404 2581
"GET /api/v1/stories/ HTTP/1.1" 200 52
Not Found: /favicon.ico
"GET /favicon.ico HTTP/1.1" 404 2581
C:\Users\Ethan K\OneDrive\Desktop\CulturaAI\backend\apps\games\urls.py changed, reloading.
Watching for file changes with StatReloader
Internal Server Error: /api/v1/games/
Traceback (most recent call last):
  File "C:\Users\Ethan K\OneDrive\Desktop\School\Attacho\project\proj\Lib\site-packages\django\db\backends\utils.py", line 89, in _execute
    return self.cursor.execute(sql, params)
           ~~~~~~~~~~~~~~~~~~~^^^^^^^^^^^^^
  File "C:\Users\Ethan K\OneDrive\Desktop\School\Attacho\project\proj\Lib\site-packages\django\db\backends\sqlite3\base.py", line 328, in execute
    return super().execute(query, params)
           ~~~~~~~~~~~~~~~^^^^^^^^^^^^^^^
sqlite3.OperationalError: no such table: games

The above exception was the direct cause of the following exception:

Traceback (most recent call last):
  File "C:\Users\Ethan K\OneDrive\Desktop\School\Attacho\project\proj\Lib\site-packages\django\core\handlers\exception.py", line 55, in inner
    response = get_response(request)
  File "C:\Users\Ethan K\OneDrive\Desktop\School\Attacho\project\proj\Lib\site-packages\django\core\handlers\base.py", line 197, in _get_response
    response = wrapped_callback(request, *callback_args, **callback_kwargs)
  File "C:\Users\Ethan K\OneDrive\Desktop\School\Attacho\project\proj\Lib\site-packages\django\views\decorators\csrf.py", line 56, in wrapper_view
    return view_func(*args, **kwargs)
  File "C:\Users\Ethan K\OneDrive\Desktop\School\Attacho\project\proj\Lib\site-packages\django\views\generic\base.py", line 104, in view
    return self.dispatch(request, *args, **kwargs)
           ~~~~~~~~~~~~~^^^^^^^^^^^^^^^^^^^^^^^^^^
  File "C:\Users\Ethan K\OneDrive\Desktop\School\Attacho\project\proj\Lib\site-packages\rest_framework\views.py", line 515, in dispatch
    response = self.handle_exception(exc)
  File "C:\Users\Ethan K\OneDrive\Desktop\School\Attacho\project\proj\Lib\site-packages\rest_framework\views.py", line 475, in handle_exception
    self.raise_uncaught_exception(exc)
    ~~~~~~~~~~~~~~~~~~~~~~~~~~~~~^^^^^
  File "C:\Users\Ethan K\OneDrive\Desktop\School\Attacho\project\proj\Lib\site-packages\rest_framework\views.py", line 486, in raise_uncaught_exception
    raise exc
  File "C:\Users\Ethan K\OneDrive\Desktop\School\Attacho\project\proj\Lib\site-packages\rest_framework\views.py", line 512, in dispatch
    response = handler(request, *args, **kwargs)
  File "C:\Users\Ethan K\OneDrive\Desktop\School\Attacho\project\proj\Lib\site-packages\rest_framework\generics.py", line 203, in get
    return self.list(request, *args, **kwargs)
           ~~~~~~~~~^^^^^^^^^^^^^^^^^^^^^^^^^^
  File "C:\Users\Ethan K\OneDrive\Desktop\School\Attacho\project\proj\Lib\site-packages\rest_framework\mixins.py", line 40, in list
    page = self.paginate_queryset(queryset)
  File "C:\Users\Ethan K\OneDrive\Desktop\School\Attacho\project\proj\Lib\site-packages\rest_framework\generics.py", line 175, in paginate_queryset
    return self.paginator.paginate_queryset(queryset, self.request, view=self)
           ~~~~~~~~~~~~~~~~~~~~~~~~~~~~~~~~^^^^^^^^^^^^^^^^^^^^^^^^^^^^^^^^^^^
  File "C:\Users\Ethan K\OneDrive\Desktop\School\Attacho\project\proj\Lib\site-packages\rest_framework\pagination.py", line 211, in paginate_queryset
    self.page = paginator.page(page_number)
                ~~~~~~~~~~~~~~^^^^^^^^^^^^^
  File "C:\Users\Ethan K\OneDrive\Desktop\School\Attacho\project\proj\Lib\site-packages\django\core\paginator.py", line 72, in page
    number = self.validate_number(number)
  File "C:\Users\Ethan K\OneDrive\Desktop\School\Attacho\project\proj\Lib\site-packages\django\core\paginator.py", line 53, in validate_number
    if number > self.num_pages:
                ^^^^^^^^^^^^^^
  File "C:\Users\Ethan K\OneDrive\Desktop\School\Attacho\project\proj\Lib\site-packages\django\utils\functional.py", line 57, in __get__
    res = instance.__dict__[self.name] = self.func(instance)
                                         ~~~~~~~~~^^^^^^^^^^
  File "C:\Users\Ethan K\OneDrive\Desktop\School\Attacho\project\proj\Lib\site-packages\django\core\paginator.py", line 99, in num_pages
    if self.count == 0 and not self.allow_empty_first_page:
       ^^^^^^^^^^
  File "C:\Users\Ethan K\OneDrive\Desktop\School\Attacho\project\proj\Lib\site-packages\django\utils\functional.py", line 57, in __get__
    res = instance.__dict__[self.name] = self.func(instance)
                                         ~~~~~~~~~^^^^^^^^^^
  File "C:\Users\Ethan K\OneDrive\Desktop\School\Attacho\project\proj\Lib\site-packages\django\core\paginator.py", line 93, in count
    return c()
  File "C:\Users\Ethan K\OneDrive\Desktop\School\Attacho\project\proj\Lib\site-packages\django\db\models\query.py", line 608, in count
    return self.query.get_count(using=self.db)
           ~~~~~~~~~~~~~~~~~~~~^^^^^^^^^^^^^^^
  File "C:\Users\Ethan K\OneDrive\Desktop\School\Attacho\project\proj\Lib\site-packages\django\db\models\sql\query.py", line 568, in get_count
    return obj.get_aggregation(using, {"__count": Count("*")})["__count"]
           ~~~~~~~~~~~~~~~~~~~^^^^^^^^^^^^^^^^^^^^^^^^^^^^^^^^
  File "C:\Users\Ethan K\OneDrive\Desktop\School\Attacho\project\proj\Lib\site-packages\django\db\models\sql\query.py", line 554, in get_aggregation
    result = compiler.execute_sql(SINGLE)
  File "C:\Users\Ethan K\OneDrive\Desktop\School\Attacho\project\proj\Lib\site-packages\django\db\models\sql\compiler.py", line 1562, in execute_sql
    cursor.execute(sql, params)
    ~~~~~~~~~~~~~~^^^^^^^^^^^^^
  File "C:\Users\Ethan K\OneDrive\Desktop\School\Attacho\project\proj\Lib\site-packages\django\db\backends\utils.py", line 102, in execute
    return super().execute(sql, params)
           ~~~~~~~~~~~~~~~^^^^^^^^^^^^^
  File "C:\Users\Ethan K\OneDrive\Desktop\School\Attacho\project\proj\Lib\site-packages\django\db\backends\utils.py", line 67, in execute
    return self._execute_with_wrappers(
           ~~~~~~~~~~~~~~~~~~~~~~~~~~~^
        sql, params, many=False, executor=self._execute
        ^^^^^^^^^^^^^^^^^^^^^^^^^^^^^^^^^^^^^^^^^^^^^^^
    )
    ^
  File "C:\Users\Ethan K\OneDrive\Desktop\School\Attacho\project\proj\Lib\site-packages\django\db\backends\utils.py", line 80, in _execute_with_wrappers
    return executor(sql, params, many, context)
  File "C:\Users\Ethan K\OneDrive\Desktop\School\Attacho\project\proj\Lib\site-packages\django\db\backends\utils.py", line 84, in _execute
    with self.db.wrap_database_errors:
         ^^^^^^^^^^^^^^^^^^^^^^^^^^^^
  File "C:\Users\Ethan K\OneDrive\Desktop\School\Attacho\project\proj\Lib\site-packages\django\db\utils.py", line 91, in __exit__
    raise dj_exc_value.with_traceback(traceback) from exc_value
  File "C:\Users\Ethan K\OneDrive\Desktop\School\Attacho\project\proj\Lib\site-packages\django\db\backends\utils.py", line 89, in _execute
    return self.cursor.execute(sql, params)
           ~~~~~~~~~~~~~~~~~~~^^^^^^^^^^^^^
  File "C:\Users\Ethan K\OneDrive\Desktop\School\Attacho\project\proj\Lib\site-packages\django\db\backends\sqlite3\base.py", line 328, in execute
    return super().execute(query, params)
           ~~~~~~~~~~~~~~~^^^^^^^^^^^^^^^
django.db.utils.OperationalError: no such table: games
"GET /api/v1/games/ HTTP/1.1" 500 204171
C:\Users\Ethan K\OneDrive\Desktop\CulturaAI\backend\apps\games\urls.py changed, reloading.
Watching for file changes with StatReloader
C:\Users\Ethan K\OneDrive\Desktop\CulturaAI\backend\apps\games\views.py changed, reloading.
Watching for file changes with StatReloader
Internal Server Error: /api/v1/games/
Traceback (most recent call last):
  File "C:\Users\Ethan K\OneDrive\Desktop\School\Attacho\project\proj\Lib\site-packages\django\db\backends\utils.py", line 89, in _execute
    return self.cursor.execute(sql, params)
           ~~~~~~~~~~~~~~~~~~~^^^^^^^^^^^^^
  File "C:\Users\Ethan K\OneDrive\Desktop\School\Attacho\project\proj\Lib\site-packages\django\db\backends\sqlite3\base.py", line 328, in execute
    return super().execute(query, params)
           ~~~~~~~~~~~~~~~^^^^^^^^^^^^^^^
sqlite3.OperationalError: no such table: games

The above exception was the direct cause of the following exception:

Traceback (most recent call last):
  File "C:\Users\Ethan K\OneDrive\Desktop\School\Attacho\project\proj\Lib\site-packages\django\core\handlers\exception.py", line 55, in inner
    response = get_response(request)
  File "C:\Users\Ethan K\OneDrive\Desktop\School\Attacho\project\proj\Lib\site-packages\django\core\handlers\base.py", line 197, in _get_response
    response = wrapped_callback(request, *callback_args, **callback_kwargs)
  File "C:\Users\Ethan K\OneDrive\Desktop\School\Attacho\project\proj\Lib\site-packages\django\views\decorators\csrf.py", line 56, in wrapper_view
    return view_func(*args, **kwargs)
  File "C:\Users\Ethan K\OneDrive\Desktop\School\Attacho\project\proj\Lib\site-packages\django\views\generic\base.py", line 104, in view
    return self.dispatch(request, *args, **kwargs)
           ~~~~~~~~~~~~~^^^^^^^^^^^^^^^^^^^^^^^^^^
  File "C:\Users\Ethan K\OneDrive\Desktop\School\Attacho\project\proj\Lib\site-packages\rest_framework\views.py", line 515, in dispatch
    response = self.handle_exception(exc)
  File "C:\Users\Ethan K\OneDrive\Desktop\School\Attacho\project\proj\Lib\site-packages\rest_framework\views.py", line 475, in handle_exception
    self.raise_uncaught_exception(exc)
    ~~~~~~~~~~~~~~~~~~~~~~~~~~~~~^^^^^
  File "C:\Users\Ethan K\OneDrive\Desktop\School\Attacho\project\proj\Lib\site-packages\rest_framework\views.py", line 486, in raise_uncaught_exception
    raise exc
  File "C:\Users\Ethan K\OneDrive\Desktop\School\Attacho\project\proj\Lib\site-packages\rest_framework\views.py", line 512, in dispatch
    response = handler(request, *args, **kwargs)
  File "C:\Users\Ethan K\OneDrive\Desktop\School\Attacho\project\proj\Lib\site-packages\rest_framework\generics.py", line 203, in get
    return self.list(request, *args, **kwargs)
           ~~~~~~~~~^^^^^^^^^^^^^^^^^^^^^^^^^^
  File "C:\Users\Ethan K\OneDrive\Desktop\School\Attacho\project\proj\Lib\site-packages\rest_framework\mixins.py", line 40, in list
    page = self.paginate_queryset(queryset)
  File "C:\Users\Ethan K\OneDrive\Desktop\School\Attacho\project\proj\Lib\site-packages\rest_framework\generics.py", line 175, in paginate_queryset
    return self.paginator.paginate_queryset(queryset, self.request, view=self)
           ~~~~~~~~~~~~~~~~~~~~~~~~~~~~~~~~^^^^^^^^^^^^^^^^^^^^^^^^^^^^^^^^^^^
  File "C:\Users\Ethan K\OneDrive\Desktop\School\Attacho\project\proj\Lib\site-packages\rest_framework\pagination.py", line 211, in paginate_queryset
    self.page = paginator.page(page_number)
                ~~~~~~~~~~~~~~^^^^^^^^^^^^^
  File "C:\Users\Ethan K\OneDrive\Desktop\School\Attacho\project\proj\Lib\site-packages\django\core\paginator.py", line 72, in page
    number = self.validate_number(number)
  File "C:\Users\Ethan K\OneDrive\Desktop\School\Attacho\project\proj\Lib\site-packages\django\core\paginator.py", line 53, in validate_number
    if number > self.num_pages:
                ^^^^^^^^^^^^^^
  File "C:\Users\Ethan K\OneDrive\Desktop\School\Attacho\project\proj\Lib\site-packages\django\utils\functional.py", line 57, in __get__
    res = instance.__dict__[self.name] = self.func(instance)
                                         ~~~~~~~~~^^^^^^^^^^
  File "C:\Users\Ethan K\OneDrive\Desktop\School\Attacho\project\proj\Lib\site-packages\django\core\paginator.py", line 99, in num_pages
    if self.count == 0 and not self.allow_empty_first_page:
       ^^^^^^^^^^
  File "C:\Users\Ethan K\OneDrive\Desktop\School\Attacho\project\proj\Lib\site-packages\django\utils\functional.py", line 57, in __get__
    res = instance.__dict__[self.name] = self.func(instance)
                                         ~~~~~~~~~^^^^^^^^^^
  File "C:\Users\Ethan K\OneDrive\Desktop\School\Attacho\project\proj\Lib\site-packages\django\core\paginator.py", line 93, in count
    return c()
  File "C:\Users\Ethan K\OneDrive\Desktop\School\Attacho\project\proj\Lib\site-packages\django\db\models\query.py", line 608, in count
    return self.query.get_count(using=self.db)
           ~~~~~~~~~~~~~~~~~~~~^^^^^^^^^^^^^^^
  File "C:\Users\Ethan K\OneDrive\Desktop\School\Attacho\project\proj\Lib\site-packages\django\db\models\sql\query.py", line 568, in get_count
    return obj.get_aggregation(using, {"__count": Count("*")})["__count"]
           ~~~~~~~~~~~~~~~~~~~^^^^^^^^^^^^^^^^^^^^^^^^^^^^^^^^
  File "C:\Users\Ethan K\OneDrive\Desktop\School\Attacho\project\proj\Lib\site-packages\django\db\models\sql\query.py", line 554, in get_aggregation
    result = compiler.execute_sql(SINGLE)
  File "C:\Users\Ethan K\OneDrive\Desktop\School\Attacho\project\proj\Lib\site-packages\django\db\models\sql\compiler.py", line 1562, in execute_sql
    cursor.execute(sql, params)
    ~~~~~~~~~~~~~~^^^^^^^^^^^^^
  File "C:\Users\Ethan K\OneDrive\Desktop\School\Attacho\project\proj\Lib\site-packages\django\db\backends\utils.py", line 102, in execute
    return super().execute(sql, params)
           ~~~~~~~~~~~~~~~^^^^^^^^^^^^^
  File "C:\Users\Ethan K\OneDrive\Desktop\School\Attacho\project\proj\Lib\site-packages\django\db\backends\utils.py", line 67, in execute
    return self._execute_with_wrappers(
           ~~~~~~~~~~~~~~~~~~~~~~~~~~~^
        sql, params, many=False, executor=self._execute
        ^^^^^^^^^^^^^^^^^^^^^^^^^^^^^^^^^^^^^^^^^^^^^^^
    )
    ^
  File "C:\Users\Ethan K\OneDrive\Desktop\School\Attacho\project\proj\Lib\site-packages\django\db\backends\utils.py", line 80, in _execute_with_wrappers
    return executor(sql, params, many, context)
  File "C:\Users\Ethan K\OneDrive\Desktop\School\Attacho\project\proj\Lib\site-packages\django\db\backends\utils.py", line 84, in _execute
    with self.db.wrap_database_errors:
         ^^^^^^^^^^^^^^^^^^^^^^^^^^^^
  File "C:\Users\Ethan K\OneDrive\Desktop\School\Attacho\project\proj\Lib\site-packages\django\db\utils.py", line 91, in __exit__
    raise dj_exc_value.with_traceback(traceback) from exc_value
  File "C:\Users\Ethan K\OneDrive\Desktop\School\Attacho\project\proj\Lib\site-packages\django\db\backends\utils.py", line 89, in _execute
    return self.cursor.execute(sql, params)
           ~~~~~~~~~~~~~~~~~~~^^^^^^^^^^^^^
  File "C:\Users\Ethan K\OneDrive\Desktop\School\Attacho\project\proj\Lib\site-packages\django\db\backends\sqlite3\base.py", line 328, in execute
    return super().execute(query, params)
           ~~~~~~~~~~~~~~~^^^^^^^^^^^^^^^
django.db.utils.OperationalError: no such table: games
"GET /api/v1/games/ HTTP/1.1" 500 204171
C:\Users\Ethan K\OneDrive\Desktop\CulturaAI\backend\apps\games\views.py changed, reloading.
Watching for file changes with StatReloader
C:\Users\Ethan K\OneDrive\Desktop\CulturaAI\backend\apps\games\views.py changed, reloading.
Watching for file changes with StatReloader
C:\Users\Ethan K\OneDrive\Desktop\CulturaAI\backend\apps\games\views.py changed, reloading.
Watching for file changes with StatReloader
C:\Users\Ethan K\OneDrive\Desktop\CulturaAI\backend\apps\games\urls.py changed, reloading.
Watching for file changes with StatReloader
Not Found: /stories/
"GET /stories/ HTTP/1.1" 404 2572
Not Found: /stories/
"GET /stories/ HTTP/1.1" 404 2572
Not Found: /games
"GET /games HTTP/1.1" 404 2563
Not Found: /api/v1games
"GET /api/v1games HTTP/1.1" 404 2581
"GET /api/v1/games HTTP/1.1" 301 0
Unauthorized: /api/v1/games/
"GET /api/v1/games/ HTTP/1.1" 401 58
Not Found: /favicon.ico
"GET /favicon.ico HTTP/1.1" 404 2581
"GET /api/v1/stories/ HTTP/1.1" 200 52
Not Found: /favicon.ico
"GET /favicon.ico HTTP/1.1" 404 2581
Unauthorized: /api/v1/games/
"GET /api/v1/games/ HTTP/1.1" 401 58
Not Found: /favicon.ico
"GET /favicon.ico HTTP/1.1" 404 2581
Unauthorized: /api/v1/games/
"GET /api/v1/games/ HTTP/1.1" 401 58
Not Found: /favicon.ico
"GET /favicon.ico HTTP/1.1" 404 2581
C:\Users\Ethan K\OneDrive\Desktop\CulturaAI\backend\apps\games\views.py changed, reloading.
Watching for file changes with StatReloader
Internal Server Error: /api/v1/games/
Traceback (most recent call last):
  File "C:\Users\Ethan K\OneDrive\Desktop\School\Attacho\project\proj\Lib\site-packages\django\db\backends\utils.py", line 89, in _execute
    return self.cursor.execute(sql, params)
           ~~~~~~~~~~~~~~~~~~~^^^^^^^^^^^^^
  File "C:\Users\Ethan K\OneDrive\Desktop\School\Attacho\project\proj\Lib\site-packages\django\db\backends\sqlite3\base.py", line 328, in execute
    return super().execute(query, params)
           ~~~~~~~~~~~~~~~^^^^^^^^^^^^^^^
sqlite3.OperationalError: no such table: games

The above exception was the direct cause of the following exception:

Traceback (most recent call last):
  File "C:\Users\Ethan K\OneDrive\Desktop\School\Attacho\project\proj\Lib\site-packages\django\core\handlers\exception.py", line 55, in inner
    response = get_response(request)
  File "C:\Users\Ethan K\OneDrive\Desktop\School\Attacho\project\proj\Lib\site-packages\django\core\handlers\base.py", line 197, in _get_response
    response = wrapped_callback(request, *callback_args, **callback_kwargs)
  File "C:\Users\Ethan K\OneDrive\Desktop\School\Attacho\project\proj\Lib\site-packages\django\views\decorators\csrf.py", line 56, in wrapper_view
    return view_func(*args, **kwargs)
  File "C:\Users\Ethan K\OneDrive\Desktop\School\Attacho\project\proj\Lib\site-packages\django\views\generic\base.py", line 104, in view
    return self.dispatch(request, *args, **kwargs)
           ~~~~~~~~~~~~~^^^^^^^^^^^^^^^^^^^^^^^^^^
  File "C:\Users\Ethan K\OneDrive\Desktop\School\Attacho\project\proj\Lib\site-packages\rest_framework\views.py", line 515, in dispatch
    response = self.handle_exception(exc)
  File "C:\Users\Ethan K\OneDrive\Desktop\School\Attacho\project\proj\Lib\site-packages\rest_framework\views.py", line 475, in handle_exception
    self.raise_uncaught_exception(exc)
    ~~~~~~~~~~~~~~~~~~~~~~~~~~~~~^^^^^
  File "C:\Users\Ethan K\OneDrive\Desktop\School\Attacho\project\proj\Lib\site-packages\rest_framework\views.py", line 486, in raise_uncaught_exception
    raise exc
  File "C:\Users\Ethan K\OneDrive\Desktop\School\Attacho\project\proj\Lib\site-packages\rest_framework\views.py", line 512, in dispatch
    response = handler(request, *args, **kwargs)
  File "C:\Users\Ethan K\OneDrive\Desktop\School\Attacho\project\proj\Lib\site-packages\rest_framework\generics.py", line 203, in get
    return self.list(request, *args, **kwargs)
           ~~~~~~~~~^^^^^^^^^^^^^^^^^^^^^^^^^^
  File "C:\Users\Ethan K\OneDrive\Desktop\School\Attacho\project\proj\Lib\site-packages\rest_framework\mixins.py", line 40, in list
    page = self.paginate_queryset(queryset)
  File "C:\Users\Ethan K\OneDrive\Desktop\School\Attacho\project\proj\Lib\site-packages\rest_framework\generics.py", line 175, in paginate_queryset
    return self.paginator.paginate_queryset(queryset, self.request, view=self)
           ~~~~~~~~~~~~~~~~~~~~~~~~~~~~~~~~^^^^^^^^^^^^^^^^^^^^^^^^^^^^^^^^^^^
  File "C:\Users\Ethan K\OneDrive\Desktop\School\Attacho\project\proj\Lib\site-packages\rest_framework\pagination.py", line 211, in paginate_queryset
    self.page = paginator.page(page_number)
                ~~~~~~~~~~~~~~^^^^^^^^^^^^^
  File "C:\Users\Ethan K\OneDrive\Desktop\School\Attacho\project\proj\Lib\site-packages\django\core\paginator.py", line 72, in page
    number = self.validate_number(number)
  File "C:\Users\Ethan K\OneDrive\Desktop\School\Attacho\project\proj\Lib\site-packages\django\core\paginator.py", line 53, in validate_number
    if number > self.num_pages:
                ^^^^^^^^^^^^^^
  File "C:\Users\Ethan K\OneDrive\Desktop\School\Attacho\project\proj\Lib\site-packages\django\utils\functional.py", line 57, in __get__
    res = instance.__dict__[self.name] = self.func(instance)
                                         ~~~~~~~~~^^^^^^^^^^
  File "C:\Users\Ethan K\OneDrive\Desktop\School\Attacho\project\proj\Lib\site-packages\django\core\paginator.py", line 99, in num_pages
    if self.count == 0 and not self.allow_empty_first_page:
       ^^^^^^^^^^
  File "C:\Users\Ethan K\OneDrive\Desktop\School\Attacho\project\proj\Lib\site-packages\django\utils\functional.py", line 57, in __get__
    res = instance.__dict__[self.name] = self.func(instance)
                                         ~~~~~~~~~^^^^^^^^^^
  File "C:\Users\Ethan K\OneDrive\Desktop\School\Attacho\project\proj\Lib\site-packages\django\core\paginator.py", line 93, in count
    return c()
  File "C:\Users\Ethan K\OneDrive\Desktop\School\Attacho\project\proj\Lib\site-packages\django\db\models\query.py", line 608, in count
    return self.query.get_count(using=self.db)
           ~~~~~~~~~~~~~~~~~~~~^^^^^^^^^^^^^^^
  File "C:\Users\Ethan K\OneDrive\Desktop\School\Attacho\project\proj\Lib\site-packages\django\db\models\sql\query.py", line 568, in get_count
    return obj.get_aggregation(using, {"__count": Count("*")})["__count"]
           ~~~~~~~~~~~~~~~~~~~^^^^^^^^^^^^^^^^^^^^^^^^^^^^^^^^
  File "C:\Users\Ethan K\OneDrive\Desktop\School\Attacho\project\proj\Lib\site-packages\django\db\models\sql\query.py", line 554, in get_aggregation
    result = compiler.execute_sql(SINGLE)
  File "C:\Users\Ethan K\OneDrive\Desktop\School\Attacho\project\proj\Lib\site-packages\django\db\models\sql\compiler.py", line 1562, in execute_sql
    cursor.execute(sql, params)
    ~~~~~~~~~~~~~~^^^^^^^^^^^^^
  File "C:\Users\Ethan K\OneDrive\Desktop\School\Attacho\project\proj\Lib\site-packages\django\db\backends\utils.py", line 102, in execute
    return super().execute(sql, params)
           ~~~~~~~~~~~~~~~^^^^^^^^^^^^^
  File "C:\Users\Ethan K\OneDrive\Desktop\School\Attacho\project\proj\Lib\site-packages\django\db\backends\utils.py", line 67, in execute
    return self._execute_with_wrappers(
           ~~~~~~~~~~~~~~~~~~~~~~~~~~~^
        sql, params, many=False, executor=self._execute
        ^^^^^^^^^^^^^^^^^^^^^^^^^^^^^^^^^^^^^^^^^^^^^^^
    )
    ^
  File "C:\Users\Ethan K\OneDrive\Desktop\School\Attacho\project\proj\Lib\site-packages\django\db\backends\utils.py", line 80, in _execute_with_wrappers
    return executor(sql, params, many, context)
  File "C:\Users\Ethan K\OneDrive\Desktop\School\Attacho\project\proj\Lib\site-packages\django\db\backends\utils.py", line 84, in _execute
    with self.db.wrap_database_errors:
         ^^^^^^^^^^^^^^^^^^^^^^^^^^^^
  File "C:\Users\Ethan K\OneDrive\Desktop\School\Attacho\project\proj\Lib\site-packages\django\db\utils.py", line 91, in __exit__
    raise dj_exc_value.with_traceback(traceback) from exc_value
  File "C:\Users\Ethan K\OneDrive\Desktop\School\Attacho\project\proj\Lib\site-packages\django\db\backends\utils.py", line 89, in _execute
    return self.cursor.execute(sql, params)
           ~~~~~~~~~~~~~~~~~~~^^^^^^^^^^^^^
  File "C:\Users\Ethan K\OneDrive\Desktop\School\Attacho\project\proj\Lib\site-packages\django\db\backends\sqlite3\base.py", line 328, in execute
    return super().execute(query, params)
           ~~~~~~~~~~~~~~~^^^^^^^^^^^^^^^
django.db.utils.OperationalError: no such table: games
"GET /api/v1/games/ HTTP/1.1" 500 204171
Unauthorized: /api/v1/
"GET /api/v1/ HTTP/1.1" 401 58
Not Found: /favicon.ico
"GET /favicon.ico HTTP/1.1" 404 2581
"GET /api/v1/stories/ HTTP/1.1" 200 52
Not Found: /favicon.ico
"GET /favicon.ico HTTP/1.1" 404 2581
"GET /api/v1/stories/ HTTP/1.1" 200 52
"GET /api/v1/stories/ HTTP/1.1" 200 52
"GET /api/v1/stories/ HTTP/1.1" 200 52
"GET /api/v1/stories/ HTTP/1.1" 200 52
"GET /api/v1/stories/ HTTP/1.1" 200 52
"GET /api/v1/stories/ HTTP/1.1" 200 52
C:\Users\Ethan K\OneDrive\Desktop\CulturaAI\backend\apps\stories\views.py changed, reloading.
Watching for file changes with StatReloader
"GET /api/v1/stories/ HTTP/1.1" 200 52
"GET /api/v1/stories/ HTTP/1.1" 200 52
"GET /api/v1/stories/ HTTP/1.1" 200 52
"GET /api/v1/stories/ HTTP/1.1" 200 52
"GET /api/v1/stories/ HTTP/1.1" 200 52
"GET /api/v1/stories/ HTTP/1.1" 200 52
"GET /api/v1/stories/ HTTP/1.1" 200 52
Not Found: /favicon.ico
"GET /favicon.ico HTTP/1.1" 404 2581
C:\Users\Ethan K\OneDrive\Desktop\CulturaAI\backend\apps\stories\views.py changed, reloading.
Watching for file changes with StatReloader
"GET /api/v1/stories/ HTTP/1.1" 200 52
Not Found: /favicon.ico
"GET /favicon.ico HTTP/1.1" 404 2581
"GET /api/v1/stories/ HTTP/1.1" 200 52
"GET /api/v1/stories/ HTTP/1.1" 200 52
"GET /api/v1/stories/ HTTP/1.1" 200 52
Not Found: /favicon.ico
"GET /favicon.ico HTTP/1.1" 404 2581
"GET /admin/ HTTP/1.1" 200 21746
"GET /admin/stories/storycollection/ HTTP/1.1" 200 20269
"GET /admin/jsi18n/ HTTP/1.1" 200 3343
"GET /static/admin/css/changelists.css HTTP/1.1" 200 6566
"GET /static/admin/js/urlify.js HTTP/1.1" 200 7887
"GET /static/admin/js/prepopulate.js HTTP/1.1" 200 1531
"GET /static/admin/js/vendor/xregexp/xregexp.js HTTP/1.1" 200 232381
"GET /static/admin/js/filters.js HTTP/1.1" 200 978
"GET /static/admin/js/admin/RelatedObjectLookups.js HTTP/1.1" 200 8943
"GET /static/admin/js/actions.js HTTP/1.1" 200 7872
"GET /static/admin/js/core.js HTTP/1.1" 200 5682
"GET /static/admin/js/jquery.init.js HTTP/1.1" 200 347
"GET /static/admin/js/vendor/jquery/jquery.js HTTP/1.1" 200 292458
"GET /static/admin/img/search.svg HTTP/1.1" 200 458
"GET /static/admin/img/tooltag-add.svg HTTP/1.1" 200 331
"GET /admin/ HTTP/1.1" 200 21746
"GET /admin/stories/story/ HTTP/1.1" 200 21735
"GET /admin/jsi18n/ HTTP/1.1" 200 3343
"GET /admin/stories/story/add/ HTTP/1.1" 200 29930
"GET /static/admin/js/change_form.js HTTP/1.1" 200 606
"GET /static/admin/js/prepopulate_init.js HTTP/1.1" 200 586
"GET /admin/jsi18n/ HTTP/1.1" 200 3343
"GET /static/admin/js/collapse.js HTTP/1.1" 200 1803
"GET /static/admin/css/forms.css HTTP/1.1" 200 9047
"GET /static/admin/css/widgets.css HTTP/1.1" 200 11900
"POST /admin/stories/story/add/ HTTP/1.1" 302 0
"GET /admin/stories/story/ HTTP/1.1" 200 25694
"GET /admin/jsi18n/ HTTP/1.1" 200 3343
"GET /static/admin/img/icon-no.svg HTTP/1.1" 200 560
"GET /static/admin/img/icon-yes.svg HTTP/1.1" 200 436
"GET /static/admin/img/sorting-icons.svg HTTP/1.1" 200 1097
"GET /api/v1/stories/ HTTP/1.1" 200 247
"GET /api/v1/stories/ HTTP/1.1" 200 247
"GET /api/v1/stories/ HTTP/1.1" 200 247
"GET /api/v1/stories/ HTTP/1.1" 200 247
"GET /api/v1/stories/ HTTP/1.1" 200 247
Not Found: /favicon.ico
"GET /favicon.ico HTTP/1.1" 404 2581
C:\Users\Ethan K\OneDrive\Desktop\CulturaAI\backend\apps\stories\urls.py changed, reloading.
Watching for file changes with StatReloader
C:\Users\Ethan K\OneDrive\Desktop\CulturaAI\backend\apps\stories\serializers.py changed, reloading.
Watching for file changes with StatReloader
"GET /admin/stories/story/?o=-9 HTTP/1.1" 200 25377
"GET /admin/jsi18n/ HTTP/1.1" 200 3343
Not Found: /favicon.ico
- Broken pipe from ('127.0.0.1', 53863)
"POST /admin/stories/story/?o=-9 HTTP/1.1" 302 0
"GET /admin/stories/story/?o=-9 HTTP/1.1" 200 25377
"GET /admin/jsi18n/ HTTP/1.1" 200 3343
Not Found: /favicon.ico
- Broken pipe from ('127.0.0.1', 53927)
"GET /api/v1/stories/ HTTP/1.1" 200 246
Not Found: /favicon.ico
"GET /favicon.ico HTTP/1.1" 404 2581
"GET /api/v1/stories/ HTTP/1.1" 200 246
Not Found: /favicon.ico
"GET /favicon.ico HTTP/1.1" 404 2581
"GET /api/v1/stories/ HTTP/1.1" 200 246
"GET /api/v1/stories/ HTTP/1.1" 200 246
"GET /api/v1/stories/ HTTP/1.1" 200 246
"GET /api/v1/stories/ HTTP/1.1" 200 246
Watching for file changes with StatReloader
"GET /api/v1/stories/ HTTP/1.1" 200 246
"GET /api/v1/stories/ HTTP/1.1" 200 246
"GET /api/v1/stories/ HTTP/1.1" 200 246
"GET /api/v1/stories/ HTTP/1.1" 200 246
"GET /api/v1/stories/ HTTP/1.1" 200 246
"GET /api/v1/stories/ HTTP/1.1" 200 246
"GET /api/v1/stories/ HTTP/1.1" 200 246
"GET /api/v1/stories/ HTTP/1.1" 200 246
"GET /api/v1/stories/ HTTP/1.1" 200 246
"GET /api/v1/stories/ HTTP/1.1" 200 246
"GET /api/v1/stories/ HTTP/1.1" 200 246
"GET /api/v1/stories/ HTTP/1.1" 200 246
"GET /api/v1/stories/ HTTP/1.1" 200 246
"GET /api/v1/stories/ HTTP/1.1" 200 246
"GET /api/v1/stories/ HTTP/1.1" 200 246
"GET /api/v1/stories/ HTTP/1.1" 200 246
"GET /api/v1/stories/ HTTP/1.1" 200 246
"GET /api/v1/stories/ HTTP/1.1" 200 246
"GET /api/v1/stories/ HTTP/1.1" 200 246
"GET /api/v1/stories/ HTTP/1.1" 200 246
"GET /api/v1/stories/ HTTP/1.1" 200 246
"GET /api/v1/stories/ HTTP/1.1" 200 246
"GET /api/v1/stories/ HTTP/1.1" 200 246
"GET /api/v1/stories/ HTTP/1.1" 200 246
"GET /api/v1/stories/ HTTP/1.1" 200 246
"GET /api/v1/stories/ HTTP/1.1" 200 246
"GET /api/v1/stories/ HTTP/1.1" 200 246
"GET /api/v1/stories/ HTTP/1.1" 200 246
"GET /api/v1/stories/ HTTP/1.1" 200 246
"GET /api/v1/stories/ HTTP/1.1" 200 246
"GET /api/v1/stories/ HTTP/1.1" 200 246
"GET /api/v1/stories/ HTTP/1.1" 200 246
"GET /api/v1/stories/ HTTP/1.1" 200 246
"GET /api/v1/stories/ HTTP/1.1" 200 246
"GET /api/v1/stories/ HTTP/1.1" 200 246
Not Found: /favicon.ico
"GET /favicon.ico HTTP/1.1" 404 2581
"GET /api/v1/stories/ HTTP/1.1" 200 246
"GET /api/v1/stories/ HTTP/1.1" 200 246
Watching for file changes with StatReloader
Not Found: /
"GET / HTTP/1.1" 404 2530
Not Found: /favicon.ico
- Broken pipe from ('127.0.0.1', 51567)
"GET /api/v1/stories/ HTTP/1.1" 200 246
"GET /api/v1/stories/ HTTP/1.1" 200 246
"GET /api/v1/stories/ HTTP/1.1" 200 246
"GET /api/v1/stories/ HTTP/1.1" 200 246
"GET /api/v1/stories/ HTTP/1.1" 200 246
"GET /api/v1/stories/ HTTP/1.1" 200 246
"GET /api/v1/stories/ HTTP/1.1" 200 246
"GET /api/v1/stories/ HTTP/1.1" 200 246
"GET /api/v1/stories/ HTTP/1.1" 200 246
"GET /api/v1/stories/ HTTP/1.1" 200 246
